LTspice 26.0.1 for Windows
Circuit: D:\Git Projects\LTspice\MOSFET-Characteristics-LTspice\NMOS\nmos_Id_Vds.net
Start Time: Fri Apr 10 17:47:12 2026
solver = Normal
Maximum thread count: 8
tnom = 27
temp = 27
method = trap
.OP point found by inspection.
.step x=0
.step x=0.15
.step x=0.3
.step x=0.45
.step x=0.6
.step x=0.75
.step x=0.9
.step x=1
Total elapsed time: 0.730 seconds.

Files loaded:
D:\Git Projects\LTspice\MOSFET-Characteristics-LTspice\NMOS\nmos_Id_Vds.net
C:\Users\USER\AppData\Local\LTspice\lib\cmp\standard.mos
D:\Git Projects\LTspice\MOSFET-Characteristics-LTspice\models\nmos_model.inc


Measurement: idsat
  step	Id(M1) 	at
     1	failed	0
     2	failed	0
     3	2.37501091214e-06	0.0800000137091
     4	2.88383175924e-05	0.229999983907
     5	9.18678866822e-05	0.38000002861
     6	0.000167234671766	0.53000002861
     7	0.0002438255153	0.679999969006
     8	0.000293855092189	0.78000002861

Measurement: ion_nmos
  step	Id(M1) 	at
     1	3.64342356285e-09	1
     2	2.22670962557e-07	1
     3	6.02815180173e-06	1
     4	4.49484978162e-05	1
     5	0.000117614552437	1
     6	0.000194675609237	1
     7	0.000266999821179	1
     8	0.000311621057335	1
